// Jest Snapshot v1, https://goo.gl/fbAQLP

exports[`status domain tests should return an status object 1`] = `
Object {
  "status": "RUNNING",
}
`;
